▲ Next.js 16.3.4 (Turbopack)
- Local:         http://localhost:3000
- Network:       http://192.168.88.169:3000
- Environments: .env.local
✓ Ready in 16.7s
✓ Running next.config.ts took 1441ms
⚠ Slow filesystem detected. The benchmark took 672ms. If \\?\C:\Users\HP\santos_hotels\.next\dev is a network drive, consider moving it to a local folder.
See more: https://nextjs.org/docs/app/guides/local-development
○ Compiling proxy ...

○ Compiling /dashboard ...
 GET /dashboard 200 in 24.2s (next.js: 19.0s, proxy.ts: 3.4s, application-code: 1845ms)
 GET /book/1 200 in 4.9s (next.js: 4.0s, proxy.ts: 662ms, application-code: 160ms)
 POST /book/1 200 in 3.4s (next.js: 330ms, proxy.ts: 1990ms, application-code: 1119ms)
  └─ ƒ initializePayment("fortunebruno614@gmail.com", 765000, {"checkin":"2026-09-18","checkout":"2026-09-27","email":"fortunebruno614@gmail.com","...":"6 items not stringified"}) in 1046ms app/actions.ts
 GET /book/1 200 in 965ms (next.js: 44ms, proxy.ts: 548ms, application-code: 374ms)
 POST /book/1 200 in 1591ms (next.js: 61ms, proxy.ts: 636ms, application-code: 894ms)
  └─ ƒ initializePayment("fortunebruno614@gmail.com", 1275000, {"checkin":"2026-09-04","checkout":"2026-09-19","email":"fortunebruno614@gmail.com","...":"6 items not stringified"}) in 849ms app/actions.ts
  Reload env: .env.local
 GET /dashboard 200 in 1766ms (next.js: 270ms, proxy.ts: 965ms, application-code: 531ms)
 GET /book/4 200 in 748ms (next.js: 80ms, proxy.ts: 519ms, application-code: 148ms)
 POST /book/4 200 in 1503ms (next.js: 64ms, proxy.ts: 628ms, application-code: 811ms)
  └─ ƒ initializePayment("fortunebruno614@gmail.com", 1575000, {"checkin":"2026-09-18","checkout":"2026-09-27","email":"fortunebruno614@gmail.com","...":"6 items not stringified"}) in 762ms app/actions.ts
✓ Compiled in 9s
 GET /book/4 200 in 1581ms (next.js: 255ms, proxy.ts: 1161ms, application-code: 165ms)
[browser] Encountered a script tag while rendering React component. Scripts inside React components are never executed when rendering on the client. Consider using template tag instead (https://developer.mozilla.org/en-US/docs/Web/HTML/Element/template). 
    at Set.forEach (<anonymous>) (<anonymous>)
 GET /book/4 200 in 1169ms (next.js: 126ms, proxy.ts: 657ms, application-code: 385ms)
 POST /book/4 200 in 2.9s (next.js: 64ms, proxy.ts: 573ms, application-code: 2.2s)
  └─ ƒ initializePayment("fortunebruno614@gmail.com", 350000, {"checkin":"2026-09-18","checkout":"2026-09-20","email":"fortunebruno614@gmail.com","...":"6 items not stringified"}) in 2206ms app/actions.ts
○ Compiling /api/verify-payment ...
 GET /api/verify-payment?reference=T577699093869006 307 in 37.0s (next.js: 27.3s, proxy.ts: 623ms, application-code: 9.1s)
 GET /dashboard/bookings?error=Could%20not%20find%20the%20%27payment_reference%27%20column%20of%20%27bookings%27%20in%20the%20schema%20cache 200 in 4.0s (next.js: 1154ms, proxy.ts: 288ms, application-code: 2.6s)
 GET /dashboard/bookings?error=Could+not+find+the+%27payment_reference%27+column+of+%27bookings%27+in+the+schema+cache 200 in 1577ms (next.js: 101ms, proxy.ts: 1264ms, application-code: 213ms)
 GET /dashboard 200 in 1824ms (next.js: 180ms, proxy.ts: 876ms, application-code: 768ms)
 GET /book/1 200 in 1270ms (next.js: 497ms, proxy.ts: 552ms, application-code: 221ms)
[browser] Encountered a script tag while rendering React component. Scripts inside React components are never executed when rendering on the client. Consider using template tag instead (https://developer.mozilla.org/en-US/docs/Web/HTML/Element/template). 
 POST /book/1 200 in 2.2s (next.js: 59ms, proxy.ts: 1061ms, application-code: 1038ms)
  └─ ƒ initializePayment("fortunebruno614@gmail.com", 85000, {"checkin":"2026-09-16","checkout":"2026-09-17","email":"fortunebruno614@gmail.com","...":"6 items not stringified"}) in 987ms app/actions.ts
 GET /book/1 200 in 3.8s (next.js: 2.4s, proxy.ts: 1105ms, application-code: 331ms)
 POST /book/1 200 in 6.0s (next.js: 2.7s, proxy.ts: 921ms, application-code: 2.4s)
  └─ ƒ initializePayment("fortunebruno614@gmail.com", 170000, {"checkin":"2026-09-18","checkout":"2026-09-20","email":"fortunebruno614@gmail.com","...":"6 items not stringified"}) in 2333ms app/actions.ts
 GET /api/verify-payment?reference=T810403493058781 307 in 4.4s (next.js: 506ms, proxy.ts: 1740ms, application-code: 2.2s)
 GET /dashboard/bookings?error=Could%20not%20find%20the%20%27payment_reference%27%20column%20of%20%27bookings%27%20in%20the%20schema%20cache 200 in 2.6s (next.js: 504ms, proxy.ts: 371ms, application-code: 1717ms)
